------------------------------------------------------------
TimeQuest Timing Analyzer Summary
------------------------------------------------------------

Type  : Slow 1200mV 85C Model Setup 'CONTROLADOR_MICRO:CONTROLADOR_MICRO_1|Selector15~0'
Slack : -12.573
TNS   : -180.027

Type  : Slow 1200mV 85C Model Setup 'CURRENT_FASE.f_reset'
Slack : -12.559
TNS   : -3795.901

Type  : Slow 1200mV 85C Model Setup 'CURRENT_FASE.f_1'
Slack : -11.391
TNS   : -791.886

Type  : Slow 1200mV 85C Model Setup 'CURRENT_FASE.f_2'
Slack : -11.274
TNS   : -332.432

Type  : Slow 1200mV 85C Model Setup 'CURRENT_FASE.f_4'
Slack : -7.664
TNS   : -294.195

Type  : Slow 1200mV 85C Model Setup 'CLOCK_DIV:CLK_1|SLOW_COUNT[26]'
Slack : -6.125
TNS   : -14.047

Type  : Slow 1200mV 85C Model Setup 'CLK'
Slack : -2.279
TNS   : -33.888

Type  : Slow 1200mV 85C Model Hold 'CURRENT_FASE.f_reset'
Slack : -0.706
TNS   : -8.721

Type  : Slow 1200mV 85C Model Hold 'CURRENT_FASE.f_2'
Slack : 0.056
TNS   : 0.000

Type  : Slow 1200mV 85C Model Hold 'CURRENT_FASE.f_4'
Slack : 0.056
TNS   : 0.000

Type  : Slow 1200mV 85C Model Hold 'CLK'
Slack : 0.407
TNS   : 0.000

Type  : Slow 1200mV 85C Model Hold 'CLOCK_DIV:CLK_1|SLOW_COUNT[26]'
Slack : 0.569
TNS   : 0.000

Type  : Slow 1200mV 85C Model Hold 'CURRENT_FASE.f_1'
Slack : 0.591
TNS   : 0.000

Type  : Slow 1200mV 85C Model Hold 'CONTROLADOR_MICRO:CONTROLADOR_MICRO_1|Selector15~0'
Slack : 0.971
TNS   : 0.000

Type  : Slow 1200mV 85C Model Recovery 'CURRENT_FASE.f_reset'
Slack : -6.059
TNS   : -11.171

Type  : Slow 1200mV 85C Model Removal 'CURRENT_FASE.f_reset'
Slack : 1.118
TNS   : 0.000

Type  : Slow 1200mV 85C Model Minimum Pulse Width 'CLK'
Slack : -3.000
TNS   : -37.695

Type  : Slow 1200mV 85C Model Minimum Pulse Width 'CURRENT_FASE.f_reset'
Slack : -1.294
TNS   : -195.642

Type  : Slow 1200mV 85C Model Minimum Pulse Width 'CLOCK_DIV:CLK_1|SLOW_COUNT[26]'
Slack : -1.285
TNS   : -7.710

Type  : Slow 1200mV 85C Model Minimum Pulse Width 'CURRENT_FASE.f_4'
Slack : 0.097
TNS   : 0.000

Type  : Slow 1200mV 85C Model Minimum Pulse Width 'CURRENT_FASE.f_1'
Slack : 0.365
TNS   : 0.000

Type  : Slow 1200mV 85C Model Minimum Pulse Width 'CURRENT_FASE.f_2'
Slack : 0.385
TNS   : 0.000

Type  : Slow 1200mV 85C Model Minimum Pulse Width 'CONTROLADOR_MICRO:CONTROLADOR_MICRO_1|Selector15~0'
Slack : 0.436
TNS   : 0.000

Type  : Slow 1200mV 0C Model Setup 'CONTROLADOR_MICRO:CONTROLADOR_MICRO_1|Selector15~0'
Slack : -11.404
TNS   : -161.983

Type  : Slow 1200mV 0C Model Setup 'CURRENT_FASE.f_reset'
Slack : -11.385
TNS   : -3503.559

Type  : Slow 1200mV 0C Model Setup 'CURRENT_FASE.f_1'
Slack : -10.482
TNS   : -737.084

Type  : Slow 1200mV 0C Model Setup 'CURRENT_FASE.f_2'
Slack : -10.197
TNS   : -302.276

Type  : Slow 1200mV 0C Model Setup 'CURRENT_FASE.f_4'
Slack : -7.084
TNS   : -270.438

Type  : Slow 1200mV 0C Model Setup 'CLOCK_DIV:CLK_1|SLOW_COUNT[26]'
Slack : -5.616
TNS   : -12.549

Type  : Slow 1200mV 0C Model Setup 'CLK'
Slack : -1.923
TNS   : -27.413

Type  : Slow 1200mV 0C Model Hold 'CURRENT_FASE.f_reset'
Slack : -0.756
TNS   : -9.173

Type  : Slow 1200mV 0C Model Hold 'CURRENT_FASE.f_4'
Slack : 0.024
TNS   : 0.000

Type  : Slow 1200mV 0C Model Hold 'CURRENT_FASE.f_2'
Slack : 0.040
TNS   : 0.000

Type  : Slow 1200mV 0C Model Hold 'CLK'
Slack : 0.364
TNS   : 0.000

Type  : Slow 1200mV 0C Model Hold 'CURRENT_FASE.f_1'
Slack : 0.529
TNS   : 0.000

Type  : Slow 1200mV 0C Model Hold 'CLOCK_DIV:CLK_1|SLOW_COUNT[26]'
Slack : 0.534
TNS   : 0.000

Type  : Slow 1200mV 0C Model Hold 'CONTROLADOR_MICRO:CONTROLADOR_MICRO_1|Selector15~0'
Slack : 0.880
TNS   : 0.000

Type  : Slow 1200mV 0C Model Recovery 'CURRENT_FASE.f_reset'
Slack : -5.531
TNS   : -10.167

Type  : Slow 1200mV 0C Model Removal 'CURRENT_FASE.f_reset'
Slack : 1.033
TNS   : 0.000

Type  : Slow 1200mV 0C Model Minimum Pulse Width 'CLK'
Slack : -3.000
TNS   : -37.695

Type  : Slow 1200mV 0C Model Minimum Pulse Width 'CLOCK_DIV:CLK_1|SLOW_COUNT[26]'
Slack : -1.285
TNS   : -7.710

Type  : Slow 1200mV 0C Model Minimum Pulse Width 'CURRENT_FASE.f_reset'
Slack : -1.161
TNS   : -168.669

Type  : Slow 1200mV 0C Model Minimum Pulse Width 'CURRENT_FASE.f_4'
Slack : 0.137
TNS   : 0.000

Type  : Slow 1200mV 0C Model Minimum Pulse Width 'CURRENT_FASE.f_2'
Slack : 0.335
TNS   : 0.000

Type  : Slow 1200mV 0C Model Minimum Pulse Width 'CONTROLADOR_MICRO:CONTROLADOR_MICRO_1|Selector15~0'
Slack : 0.359
TNS   : 0.000

Type  : Slow 1200mV 0C Model Minimum Pulse Width 'CURRENT_FASE.f_1'
Slack : 0.381
TNS   : 0.000

Type  : Fast 1200mV 0C Model Setup 'CURRENT_FASE.f_reset'
Slack : -6.450
TNS   : -1735.699

Type  : Fast 1200mV 0C Model Setup 'CONTROLADOR_MICRO:CONTROLADOR_MICRO_1|Selector15~0'
Slack : -6.165
TNS   : -86.034

Type  : Fast 1200mV 0C Model Setup 'CURRENT_FASE.f_2'
Slack : -5.389
TNS   : -144.736

Type  : Fast 1200mV 0C Model Setup 'CURRENT_FASE.f_1'
Slack : -5.386
TNS   : -358.334

Type  : Fast 1200mV 0C Model Setup 'CURRENT_FASE.f_4'
Slack : -3.741
TNS   : -137.377

Type  : Fast 1200mV 0C Model Setup 'CLOCK_DIV:CLK_1|SLOW_COUNT[26]'
Slack : -2.830
TNS   : -6.186

Type  : Fast 1200mV 0C Model Setup 'CLK'
Slack : -0.725
TNS   : -4.597

Type  : Fast 1200mV 0C Model Hold 'CURRENT_FASE.f_reset'
Slack : -0.293
TNS   : -3.428

Type  : Fast 1200mV 0C Model Hold 'CURRENT_FASE.f_4'
Slack : 0.000
TNS   : 0.000

Type  : Fast 1200mV 0C Model Hold 'CURRENT_FASE.f_2'
Slack : 0.026
TNS   : 0.000

Type  : Fast 1200mV 0C Model Hold 'CLK'
Slack : 0.188
TNS   : 0.000

Type  : Fast 1200mV 0C Model Hold 'CURRENT_FASE.f_1'
Slack : 0.250
TNS   : 0.000

Type  : Fast 1200mV 0C Model Hold 'CLOCK_DIV:CLK_1|SLOW_COUNT[26]'
Slack : 0.274
TNS   : 0.000

Type  : Fast 1200mV 0C Model Hold 'CONTROLADOR_MICRO:CONTROLADOR_MICRO_1|Selector15~0'
Slack : 0.481
TNS   : 0.000

Type  : Fast 1200mV 0C Model Recovery 'CURRENT_FASE.f_reset'
Slack : -2.733
TNS   : -4.999

Type  : Fast 1200mV 0C Model Removal 'CURRENT_FASE.f_reset'
Slack : 0.529
TNS   : 0.000

Type  : Fast 1200mV 0C Model Minimum Pulse Width 'CLK'
Slack : -3.000
TNS   : -31.843

Type  : Fast 1200mV 0C Model Minimum Pulse Width 'CLOCK_DIV:CLK_1|SLOW_COUNT[26]'
Slack : -1.000
TNS   : -6.000

Type  : Fast 1200mV 0C Model Minimum Pulse Width 'CURRENT_FASE.f_reset'
Slack : -0.414
TNS   : -39.143

Type  : Fast 1200mV 0C Model Minimum Pulse Width 'CURRENT_FASE.f_4'
Slack : 0.220
TNS   : 0.000

Type  : Fast 1200mV 0C Model Minimum Pulse Width 'CURRENT_FASE.f_2'
Slack : 0.261
TNS   : 0.000

Type  : Fast 1200mV 0C Model Minimum Pulse Width 'CURRENT_FASE.f_1'
Slack : 0.263
TNS   : 0.000

Type  : Fast 1200mV 0C Model Minimum Pulse Width 'CONTROLADOR_MICRO:CONTROLADOR_MICRO_1|Selector15~0'
Slack : 0.367
TNS   : 0.000

------------------------------------------------------------
